───── блок J: частота расхождения под нагрузкой · 13:26:26 ─────
Матрица SP-3d (Docker): 16 прогонов из d-j-load-frequency.json
▶ [1/16] dJ-idiom-final-w4-load6-x04 … ✓ 48.3 c · 22.521 кадр/с (кадры) · 7.764 кадр/с (весь процесс) · RSS 2851.4 МБ · cgroup 1808.6 МБ · 14b800759214c730
▶ [2/16] dJ-idiom-final-w4-load6-x05 … ✓ 49.4 c · 24.073 кадр/с (кадры) · 7.721 кадр/с (весь процесс) · RSS 2839.2 МБ · cgroup 1348.1 МБ · 14b800759214c730
▶ [3/16] dJ-idiom-final-w4-load6-x06 … ✓ 48.7 c · 22.767 кадр/с (кадры) · 7.68 кадр/с (весь процесс) · RSS 2833.6 МБ · cgroup 1535.5 МБ · 14b800759214c730
▶ [4/16] dJ-idiom-final-w4-load6-x07 … ✓ 48.3 c · 22.507 кадр/с (кадры) · 7.674 кадр/с (весь процесс) · RSS 2851.3 МБ · cgroup 1656.6 МБ · 14b800759214c730
▶ [5/16] dJ-idiom-final-w4-load6-x08 … ✓ 46.9 c · 23.948 кадр/с (кадры) · 7.993 кадр/с (весь процесс) · RSS 2798.3 МБ · cgroup 1360.1 МБ · 4ebb5bcc09a945a6
▶ [6/16] dJ-idiom-final-w4-load6-x09 … ✓ 47.5 c · 23.301 кадр/с (кадры) · 7.783 кадр/с (весь процесс) · RSS 2789.4 МБ · cgroup 1461.9 МБ · 4ebb5bcc09a945a6
▶ [7/16] dJ-idiom-final-w4-load6-x10 … ✓ 49.5 c · 23.412 кадр/с (кадры) · 7.788 кадр/с (весь процесс) · RSS 2860.7 МБ · cgroup 1539.6 МБ · 14b800759214c730
▶ [8/16] dJ-idiom-final-w1-load6-r1 … ✓ 64.3 c · 6.286 кадр/с (кадры) · 5.44 кадр/с (весь процесс) · RSS 1686.4 МБ · cgroup 1292.4 МБ · 14b800759214c730
▶ [9/16] dJ-idiom-final-w1-load6-r2 … ✓ 64.8 c · 6.243 кадр/с (кадры) · 5.397 кадр/с (весь процесс) · RSS 1668.9 МБ · cgroup 1404.5 МБ · 14b800759214c730
▶ [10/16] dJ-idiom-final-w1-load6-r3 … ✓ 66.8 c · 6.225 кадр/с (кадры) · 5.384 кадр/с (весь процесс) · RSS 1650.6 МБ · cgroup 1292.1 МБ · 14b800759214c730
▶ [11/16] dJ-final-w4-load6-x04 … ✓ 47 c · 25.615 кадр/с (кадры) · 7.999 кадр/с (весь процесс) · RSS 2578.2 МБ · cgroup 1313.3 МБ · 5339fca603207613
▶ [12/16] dJ-final-w4-load6-x05 … ✓ 46.3 c · 25.549 кадр/с (кадры) · 8.155 кадр/с (весь процесс) · RSS 2577.7 МБ · cgroup 1377.4 МБ · 5339fca603207613
▶ [13/16] dJ-final-w4-load6-x06 … ✓ 47.5 c · 24.876 кадр/с (кадры) · 7.889 кадр/с (весь процесс) · RSS 2549.8 МБ · cgroup 1337.9 МБ · 5339fca603207613
▶ [14/16] dJ-final-w4-load6-x07 … ✓ 47 c · 26.157 кадр/с (кадры) · 8.098 кадр/с (весь процесс) · RSS 2580.6 МБ · cgroup 1377.8 МБ · 5339fca603207613
▶ [15/16] dJ-final-w4-load6-x08 … ✓ 48.4 c · 25.048 кадр/с (кадры) · 7.718 кадр/с (весь процесс) · RSS 2590.1 МБ · cgroup 1314.7 МБ · 5339fca603207613
▶ [16/16] dJ-final-w4-load6-x09 … ✓ 46.1 c · 26.565 кадр/с (кадры) · 8.222 кадр/с (весь процесс) · RSS 2594.9 МБ · cgroup 1318.1 МБ · 5339fca603207613

Готово: 16 OK, 0 FAILED
───── освобождение диска перед PNG-сиквенсами · 13:40:03 ─────
удалено 17 mp4, 711 МБ
/dev/nvme0n1p1  233G  211G   11G  96% /
───── блок P: PNG-сиквенсы до энкодера · 13:40:03 ─────
Матрица SP-3d (Docker): 2 прогонов из d-p-png.json
▶ [1/2] dP-docker-png-w4 … ✓ 83.6 c · 4.515 кадр/с (кадры) · 3.886 кадр/с (весь процесс) · RSS 2641.1 МБ · cgroup 1547.1 МБ · 47ed518df1aaef8b
▶ [2/2] dP-local-sw-png-w4 … ✓ 76.8 c · 4.497 кадр/с (кадры) · 4.24 кадр/с (весь процесс) · RSS 2731.8 МБ · cgroup — МБ · 47ed518df1aaef8b

Готово: 2 OK, 0 FAILED
───── вторая цепочка пройдена · 13:42:44 ─────
