───── серия из 10 подряд (аналог блока G SP-3c) · 13:00:05 ─────
Матрица SP-3d (Docker): 10 прогонов из d-g-repeat.json
▶ [1/10] dG-final-w4-x01 … ✓ 30.2 c · 33.58 кадр/с (кадры) · 12.776 кадр/с (весь процесс) · RSS(контейнер) 2600.4 МБ · cgroup 1185.1 МБ · 5339fca603207613
▶ [2/10] dG-final-w4-x02 … ✓ 29.9 c · 33.891 кадр/с (кадры) · 13.091 кадр/с (весь процесс) · RSS(контейнер) 2575.3 МБ · cgroup 1183.2 МБ · 5339fca603207613
▶ [3/10] dG-final-w4-x03 … ✓ 30.9 c · 31.355 кадр/с (кадры) · 12.433 кадр/с (весь процесс) · RSS(контейнер) 2594.4 МБ · cgroup 1191.9 МБ · 5339fca603207613
▶ [4/10] dG-final-w4-x04 … ✓ 28.4 c · 35.195 кадр/с (кадры) · 13.68 кадр/с (весь процесс) · RSS(контейнер) 2577.1 МБ · cgroup 1188.6 МБ · 5339fca603207613
▶ [5/10] dG-final-w4-x05 … ✓ 28.9 c · 34.59 кадр/с (кадры) · 13.338 кадр/с (весь процесс) · RSS(контейнер) 2562.1 МБ · cgroup 1174.1 МБ · 5339fca603207613
▶ [6/10] dG-final-w4-x06 … ✓ 30.7 c · 33.964 кадр/с (кадры) · 13.215 кадр/с (весь процесс) · RSS(контейнер) 2576.8 МБ · cgroup 1164.9 МБ · 5339fca603207613
▶ [7/10] dG-final-w4-x07 … ✓ 39.6 c · 27.442 кадр/с (кадры) · 9.626 кадр/с (весь процесс) · RSS(контейнер) 2570.3 МБ · cgroup 1199.6 МБ · 5339fca603207613
▶ [8/10] dG-final-w4-x08 … ✓ 40.9 c · 24.975 кадр/с (кадры) · 9.332 кадр/с (весь процесс) · RSS(контейнер) 2612.2 МБ · cgroup 1188.1 МБ · 5339fca603207613
▶ [9/10] dG-final-w4-x09 … ✓ 37.9 c · 28.958 кадр/с (кадры) · 10.116 кадр/с (весь процесс) · RSS(контейнер) 2634.6 МБ · cgroup 1208.4 МБ · 5339fca603207613
▶ [10/10] dG-final-w4-x10 … ✓ 37.6 c · 29.265 кадр/с (кадры) · 10.236 кадр/с (весь процесс) · RSS(контейнер) 2586.6 МБ · cgroup 1177.6 МБ · 5339fca603207613

Готово: 10 OK, 0 FAILED
───── серия повторов на идиоматичной композиции · 13:05:41 ─────
Матрица SP-3d (Docker): 14 прогонов из d-h-idiom-repeat.json
▶ [1/14] dH-idiom-final-w1-x04 … ✓ 60.5 c · 6.607 кадр/с (кадры) · 5.743 кадр/с (весь процесс) · RSS(контейнер) 1676.8 МБ · cgroup 1237 МБ · 14b800759214c730
▶ [2/14] dH-idiom-final-w1-x05 … ✓ 59.8 c · 6.661 кадр/с (кадры) · 5.792 кадр/с (весь процесс) · RSS(контейнер) 1671.2 МБ · cgroup 1227.3 МБ · 14b800759214c730
▶ [3/14] dH-idiom-final-w1-x06 … ✓ 56.1 c · 6.958 кадр/с (кадры) · 6.035 кадр/с (весь процесс) · RSS(контейнер) 1640.3 МБ · cgroup 1202.4 МБ · a49d80fead6f1727
▶ [4/14] dH-idiom-final-w1-x07 … ✓ 59.8 c · 6.643 кадр/с (кадры) · 5.777 кадр/с (весь процесс) · RSS(контейнер) 1685.6 МБ · cgroup 1236.6 МБ · 14b800759214c730
▶ [5/14] dH-idiom-final-w1-x08 … ✓ 57.7 c · 6.74 кадр/с (кадры) · 5.87 кадр/с (весь процесс) · RSS(контейнер) 1665.9 МБ · cgroup 1216.7 МБ · a49d80fead6f1727
▶ [6/14] dH-idiom-final-w1-x09 … ✓ 62.1 c · 6.404 кадр/с (кадры) · 5.581 кадр/с (весь процесс) · RSS(контейнер) 1679.6 МБ · cgroup 1234.1 МБ · 14b800759214c730
▶ [7/14] dH-idiom-final-w1-x10 … ✓ 61.1 c · 6.611 кадр/с (кадры) · 5.658 кадр/с (весь процесс) · RSS(контейнер) 1677.9 МБ · cgroup 1231.2 МБ · 14b800759214c730
▶ [8/14] dH-idiom-final-w4-x04 … ✓ 39.5 c · 24.528 кадр/с (кадры) · 9.598 кадр/с (весь процесс) · RSS(контейнер) 2848.7 МБ · cgroup 1350.2 МБ · 14b800759214c730
▶ [9/14] dH-idiom-final-w4-x05 … ✓ 39.8 c · 23.834 кадр/с (кадры) · 9.452 кадр/с (весь процесс) · RSS(контейнер) 2839.8 МБ · cgroup 1331.5 МБ · 14b800759214c730
▶ [10/14] dH-idiom-final-w4-x06 … ✓ 41.4 c · 22.36 кадр/с (кадры) · 9.036 кадр/с (весь процесс) · RSS(контейнер) 2804.6 МБ · cgroup 1270.1 МБ · 4ebb5bcc09a945a6
▶ [11/14] dH-idiom-final-w4-x07 … ✓ 45.6 c · 21.316 кадр/с (кадры) · 8.284 кадр/с (весь процесс) · RSS(контейнер) 2852.4 МБ · cgroup 1309.2 МБ · 14b800759214c730
▶ [12/14] dH-idiom-final-w4-x08 … ✓ 44.6 c · 19.519 кадр/с (кадры) · 8.23 кадр/с (весь процесс) · RSS(контейнер) 2847.1 МБ · cgroup 1331.9 МБ · 14b800759214c730
▶ [13/14] dH-idiom-final-w4-x09 … ✓ 40 c · 24.48 кадр/с (кадры) · 9.411 кадр/с (весь процесс) · RSS(контейнер) 2857.5 МБ · cgroup 1337.8 МБ · 14b800759214c730
▶ [14/14] dH-idiom-final-w4-x10 … ✓ 38.6 c · 25.023 кадр/с (кадры) · 9.838 кадр/с (весь процесс) · RSS(контейнер) 2861.9 МБ · cgroup 1306.8 МБ · 14b800759214c730

Готово: 14 OK, 0 FAILED
───── парный локальный софтверный путь · 13:17:27 ─────
Матрица SP-3d (Docker): 9 прогонов из d-e-local.json
▶ [1/9] dE-local-sw-final-w1-r1 … ✓ 48.6 c · 7.727 кадр/с (кадры) · 7.495 кадр/с (весь процесс) · RSS(контейнер) 1614.5 МБ · cgroup — МБ · d0f3fe7e0b8e3c8d
▶ [2/9] dE-local-sw-final-w1-r2 … ✓ 45.3 c · 8.27 кадр/с (кадры) · 8.041 кадр/с (весь процесс) · RSS(контейнер) 1643.1 МБ · cgroup — МБ · d0f3fe7e0b8e3c8d
▶ [3/9] dE-local-sw-final-w1-r3 … ✓ 45.1 c · 8.501 кадр/с (кадры) · 8.216 кадр/с (весь процесс) · RSS(контейнер) 1636.6 МБ · cgroup — МБ · d0f3fe7e0b8e3c8d
▶ [4/9] dE-local-sw-final-w2-r1 … ✓ 40.3 c · 16.303 кадр/с (кадры) · 9.37 кадр/с (весь процесс) · RSS(контейнер) 1542.6 МБ · cgroup — МБ · d0f3fe7e0b8e3c8d
▶ [5/9] dE-local-sw-final-w2-r2 … ✓ 38.6 c · 17.135 кадр/с (кадры) · 9.88 кадр/с (весь процесс) · RSS(контейнер) 1527.5 МБ · cgroup — МБ · d0f3fe7e0b8e3c8d
▶ [6/9] dE-local-sw-final-w2-r3 … ✓ 38.8 c · 16.769 кадр/с (кадры) · 9.863 кадр/с (весь процесс) · RSS(контейнер) 1581 МБ · cgroup — МБ · d0f3fe7e0b8e3c8d
▶ [7/9] dE-local-sw-final-w4-r1 … ✓ 31 c · 29.112 кадр/с (кадры) · 13.2 кадр/с (весь процесс) · RSS(контейнер) 2839 МБ · cgroup — МБ · d0f3fe7e0b8e3c8d
▶ [8/9] dE-local-sw-final-w4-r2 … ✓ 31.5 c · 29.106 кадр/с (кадры) · 13.208 кадр/с (весь процесс) · RSS(контейнер) 2885.1 МБ · cgroup — МБ · d0f3fe7e0b8e3c8d
▶ [9/9] dE-local-sw-final-w4-r3 … ✓ 32 c · 28.716 кадр/с (кадры) · 12.739 кадр/с (весь процесс) · RSS(контейнер) 2825.3 МБ · cgroup — МБ · d0f3fe7e0b8e3c8d

Готово: 9 OK, 0 FAILED
───── Q5: сеть контейнера · 13:23:18 ─────
· Сеть контейнера при настройках, которые ставит сам CLI (NetworkMode=bridge)
✓ HTTPS-запрос наружу из контейнера с --network none
✓ Полный рендер 300 кадров в контейнере с --network none
✓ Кадры рендера без сети против эталона матрицы dA-final-w4-r1
V9 для Docker-пути достижим: с --network none рендер проходит и даёт те же кадры; но флага для этого у CLI нет — строку запуска приходится собирать самому
───── прямой прогон 60 с · 13:23:51 ─────
Матрица SP-3d (Docker): 1 прогонов из d-l-long.json
▶ [1/1] dL-final-w4-60s … ✓ 147.5 c · 33.053 кадр/с (кадры) · 16.119 кадр/с (весь процесс) · RSS 2596.8 МБ · cgroup 2143.8 МБ · 970b56dfcbabdff3

Готово: 1 OK, 0 FAILED
───── всё пройдено · 13:26:18 ─────
