───── d-a-exact.json · 12:37:17 ─────
Матрица SP-3d (Docker): 15 прогонов из d-a-exact.json
▶ [1/15] dA-final-w1-r1 … ✓ 62.4 c · 6.519 кадр/с (кадры) · 5.589 кадр/с (весь процесс) · RSS(контейнер) 1369.1 МБ · cgroup 1146 МБ · 5339fca603207613
▶ [2/15] dA-final-w1-r2 … ✓ 105.4 c · 3.392 кадр/с (кадры) · 3.113 кадр/с (весь процесс) · RSS(контейнер) 1157.2 МБ · cgroup 1184.2 МБ · 5339fca603207613
▶ [3/15] dA-final-w1-r3 … ✓ 242.6 c · 1.332 кадр/с (кадры) · 1.286 кадр/с (весь процесс) · RSS(контейнер) 1171.4 МБ · cgroup 1197 МБ · 5339fca603207613
↷ dA-final-w2-r1: уже снят, пропуск
▶ [5/15] dA-final-w2-r2 … ✓ 53.1 c · 14.113 кадр/с (кадры) · 6.917 кадр/с (весь процесс) · RSS(контейнер) 1389.4 МБ · cgroup 1362.7 МБ · 5339fca603207613
▶ [6/15] dA-final-w2-r3 … ✓ 55.7 c · 13.711 кадр/с (кадры) · 6.456 кадр/с (весь процесс) · RSS(контейнер) 1416.6 МБ · cgroup 1479.4 МБ · 5339fca603207613
▶ [7/15] dA-final-w4-r1 … ✓ 46.9 c · 20.471 кадр/с (кадры) · 7.873 кадр/с (весь процесс) · RSS(контейнер) 2599.9 МБ · cgroup 1206.6 МБ · 5339fca603207613
▶ [8/15] dA-final-w4-r2 … ✓ 44.5 c · 21.683 кадр/с (кадры) · 8.37 кадр/с (весь процесс) · RSS(контейнер) 2618.1 МБ · cgroup 1657 МБ · 5339fca603207613
▶ [9/15] dA-final-w4-r3 … ✓ 42.5 c · 27.442 кадр/с (кадры) · 8.71 кадр/с (весь процесс) · RSS(контейнер) 2619 МБ · cgroup 1276.7 МБ · 5339fca603207613
▶ [10/15] dA-final-w8-r1 … ✓ 38 c · 32.048 кадр/с (кадры) · 10.125 кадр/с (весь процесс) · RSS(контейнер) 5056.6 МБ · cgroup 2027.9 МБ · 5339fca603207613
▶ [11/15] dA-final-w8-r2 … ✓ 40.8 c · 27.076 кадр/с (кадры) · 9.376 кадр/с (весь процесс) · RSS(контейнер) 5008.8 МБ · cgroup 2314.9 МБ · 5339fca603207613
▶ [12/15] dA-final-w8-r3 … ✓ 43.5 c · 27.307 кадр/с (кадры) · 8.557 кадр/с (весь процесс) · RSS(контейнер) 4899.8 МБ · cgroup 2110.2 МБ · 5339fca603207613
▶ [13/15] dB-draft-w4-r1 … ✓ 28.6 c · 27.523 кадр/с (кадры) · 12.04 кадр/с (весь процесс) · RSS(контейнер) 2559.9 МБ · cgroup 1382.2 МБ · 182231cffcf39626
▶ [14/15] dB-draft-w4-r2 … ✓ 27.9 c · 29.14 кадр/с (кадры) · 12.303 кадр/с (весь процесс) · RSS(контейнер) 2539.9 МБ · cgroup 1267.5 МБ · 182231cffcf39626
▶ [15/15] dB-draft-w4-r3 … ✓ 29.2 c · 28.035 кадр/с (кадры) · 11.744 кадр/с (весь процесс) · RSS(контейнер) 2580.3 МБ · cgroup 1323.4 МБ · 182231cffcf39626

Готово: 15 OK, 0 FAILED
───── d-c-idiomatic.json · 12:51:38 ─────
Матрица SP-3d (Docker): 6 прогонов из d-c-idiomatic.json
▶ [1/6] dC-idiom-final-w1-r1 … ✓ 65.2 c · 6.085 кадр/с (кадры) · 5.269 кадр/с (весь процесс) · RSS(контейнер) 1629.3 МБ · cgroup 1183 МБ · 14b800759214c730
▶ [2/6] dC-idiom-final-w1-r2 … ✓ 52.7 c · 7.664 кадр/с (кадры) · 6.471 кадр/с (весь процесс) · RSS(контейнер) 1622.7 МБ · cgroup 1473.4 МБ · 14b800759214c730
▶ [3/6] dC-idiom-final-w1-r3 … ✓ 45.9 c · 9.156 кадр/с (кадры) · 7.568 кадр/с (весь процесс) · RSS(контейнер) 2351.5 МБ · cgroup 4114.3 МБ · 14b800759214c730
▶ [4/6] dC-idiom-final-w4-r1 … ✓ 29.3 c · 31.069 кадр/с (кадры) · 13.003 кадр/с (весь процесс) · RSS(контейнер) 3116.3 МБ · cgroup 1518.9 МБ · 14b800759214c730
▶ [5/6] dC-idiom-final-w4-r2 … ✓ 28.4 c · 33.011 кадр/с (кадры) · 13.537 кадр/с (весь процесс) · RSS(контейнер) 3121.2 МБ · cgroup 1538.3 МБ · 14b800759214c730
▶ [6/6] dC-idiom-final-w4-r3 … ✓ 28.6 c · 32.83 кадр/с (кадры) · 13.377 кадр/с (весь процесс) · RSS(контейнер) 3139.7 МБ · cgroup 1550.1 МБ · 14b800759214c730

Готово: 6 OK, 0 FAILED
───── d-d-cpuload.json · 12:55:48 ─────
Матрица SP-3d (Docker): 6 прогонов из d-d-cpuload.json
▶ [1/6] dD-final-w4-load6-r1 … ✓ 40.6 c · 29.07 кадр/с (кадры) · 8.932 кадр/с (весь процесс) · RSS(контейнер) 2567.4 МБ · cgroup 1194.4 МБ · 5339fca603207613
▶ [2/6] dD-final-w4-load6-r2 … ✓ 41 c · 29.326 кадр/с (кадры) · 9.344 кадр/с (весь процесс) · RSS(контейнер) 2570 МБ · cgroup 1183.1 МБ · 5339fca603207613
▶ [3/6] dD-final-w4-load6-r3 … ✓ 45.1 c · 26.841 кадр/с (кадры) · 8.334 кадр/с (весь процесс) · RSS(контейнер) 2573.5 МБ · cgroup 1182.3 МБ · 5339fca603207613
▶ [4/6] dD-idiom-final-w4-load6-r1 … ✓ 40.9 c · 23.73 кадр/с (кадры) · 8.877 кадр/с (весь процесс) · RSS(контейнер) 2832.2 МБ · cgroup 1333.6 МБ · 14b800759214c730
▶ [5/6] dD-idiom-final-w4-load6-r2 … ✓ 42.2 c · 24.944 кадр/с (кадры) · 8.575 кадр/с (весь процесс) · RSS(контейнер) 2830.9 МБ · cgroup 1314.5 МБ · 14b800759214c730
▶ [6/6] dD-idiom-final-w4-load6-r3 … ✓ 43.3 c · 21.957 кадр/с (кадры) · 8.286 кадр/с (весь процесс) · RSS(контейнер) 2808.4 МБ · cgroup 1289 МБ · 4ebb5bcc09a945a6

Готово: 6 OK, 0 FAILED
───── все блоки пройдены · 13:00:01 ─────
